error[E0277]: the trait bound `SevenMod8: TotalSizeIsMultipleOfEightBits` is not satisfied
  --> tests/04-multiple-of-8bits.rs:53:1
   |
53 | #[bitfield]
   | ^^^^^^^^^^^ the trait `TotalSizeIsMultipleOfEightBits` is not implemented for `SevenMod8`
   |
   = help: the trait `TotalSizeIsMultipleOfEightBits` is implemented for `ZeroMod8`
